FWDE Debug Log — 20260805165311
05/08/2026 16:53:11

Entries: 168

2026-08-05 16:52:11.639 | ApplyMovements — 0 moves across 1 ticks (avg 0.0/tick)
2026-08-05 16:52:11.649 | PhysicsLoop — 9 windows tracked, 0 icon obstacles loaded
2026-08-05 16:52:12.451 | Physics tick — 9 windows, energy=0.9775, state=chaos, dragHwnd=0x0
2026-08-05 16:52:12.653 | ApplyMovements — 145 moves across 31 ticks (avg 4.7/tick)
2026-08-05 16:52:13.202 | Physics tick — 9 windows, energy=0.8772, state=chaos, dragHwnd=0x0
2026-08-05 16:52:13.653 | ApplyMovements — 86 moves across 35 ticks (avg 2.5/tick)
2026-08-05 16:52:14.033 | Physics tick — 9 windows, energy=0.8547, state=chaos, dragHwnd=0x0
2026-08-05 16:52:14.120 | Startup — desktop icon scan: 0 obstacles
2026-08-05 16:52:14.644 | ApplyMovements — 147 moves across 31 ticks (avg 4.7/tick)
2026-08-05 16:52:14.918 | Physics tick — 9 windows, energy=1.0482, state=chaos, dragHwnd=0x0
2026-08-05 16:52:15.539 | WindowList — 9 windows detected on monitor 1
2026-08-05 16:52:15.663 | ApplyMovements — 165 moves across 32 ticks (avg 5.2/tick)
2026-08-05 16:52:15.760 | Physics tick — 9 windows, energy=0.6984, state=chaos, dragHwnd=0x0
2026-08-05 16:52:16.618 | Physics tick — 9 windows, energy=0.5551, state=chaos, dragHwnd=0x0
2026-08-05 16:52:16.671 | Health beat — 9 windows, energy=0.5551, drag=no, snap=0, popups=0, comps=0, phys=31ms, vis=15ms
2026-08-05 16:52:16.680 | ApplyMovements — 107 moves across 32 ticks (avg 3.3/tick)
2026-08-05 16:52:17.413 | Physics tick — 9 windows, energy=0.5196, state=chaos, dragHwnd=0x0
2026-08-05 16:52:17.710 | ApplyMovements — 51 moves across 28 ticks (avg 1.8/tick)
2026-08-05 16:52:18.195 | Physics tick — 9 windows, energy=0.5095, state=chaos, dragHwnd=0x0
2026-08-05 16:52:18.727 | ApplyMovements — 25 moves across 29 ticks (avg 0.9/tick)
2026-08-05 16:52:18.944 | Physics tick — 9 windows, energy=0.5079, state=chaos, dragHwnd=0x0
2026-08-05 16:52:19.590 | WindowList — 9 windows detected on monitor 1
2026-08-05 16:52:19.687 | Physics tick — 9 windows, energy=0.5020, state=chaos, dragHwnd=0x0
2026-08-05 16:52:19.733 | ApplyMovements — 18 moves across 30 ticks (avg 0.6/tick)
2026-08-05 16:52:20.462 | Physics tick — 9 windows, energy=0.4957, state=chaos, dragHwnd=0x0
2026-08-05 16:52:20.726 | ApplyMovements — 39 moves across 36 ticks (avg 1.1/tick)
2026-08-05 16:52:21.247 | Physics tick — 9 windows, energy=0.4916, state=chaos, dragHwnd=0x0
2026-08-05 16:52:21.666 | Health beat — 9 windows, energy=0.4902, drag=no, snap=0, popups=0, comps=0, phys=15ms, vis=15ms
2026-08-05 16:52:21.738 | ApplyMovements — 25 moves across 25 ticks (avg 1.0/tick)
2026-08-05 16:52:21.992 | Physics tick — 9 windows, energy=0.4879, state=chaos, dragHwnd=0x0
2026-08-05 16:52:22.741 | Physics tick — 9 windows, energy=0.4842, state=chaos, dragHwnd=0x0
2026-08-05 16:52:22.742 | ApplyMovements — 26 moves across 25 ticks (avg 1.0/tick)
2026-08-05 16:52:23.513 | Physics tick — 9 windows, energy=0.4842, state=chaos, dragHwnd=0x0
2026-08-05 16:52:23.622 | WindowList — 9 windows detected on monitor 1
2026-08-05 16:52:23.776 | ApplyMovements — 3 moves across 25 ticks (avg 0.1/tick)
2026-08-05 16:52:24.245 | Physics tick — 9 windows, energy=0.4845, state=chaos, dragHwnd=0x0
2026-08-05 16:52:24.777 | ApplyMovements — 3 moves across 24 ticks (avg 0.1/tick)
2026-08-05 16:52:24.990 | Physics tick — 9 windows, energy=0.4849, state=chaos, dragHwnd=0x0
2026-08-05 16:52:25.776 | Physics tick — 9 windows, energy=0.4814, state=chaos, dragHwnd=0x0
2026-08-05 16:52:25.777 | ApplyMovements — 0 moves across 25 ticks (avg 0.0/tick)
2026-08-05 16:52:26.520 | Physics tick — 9 windows, energy=0.4809, state=chaos, dragHwnd=0x0
2026-08-05 16:52:26.662 | Health beat — 9 windows, energy=0.4809, drag=no, snap=0, popups=0, comps=0, phys=15ms, vis=15ms
2026-08-05 16:52:26.769 | ApplyMovements — 0 moves across 25 ticks (avg 0.0/tick)
2026-08-05 16:52:27.273 | Physics tick — 9 windows, energy=0.4809, state=chaos, dragHwnd=0x0
2026-08-05 16:52:27.619 | WindowList — 9 windows detected on monitor 1
2026-08-05 16:52:27.774 | ApplyMovements — 0 moves across 24 ticks (avg 0.0/tick)
2026-08-05 16:52:28.019 | Physics tick — 9 windows, energy=0.4809, state=chaos, dragHwnd=0x0
2026-08-05 16:52:28.774 | Physics tick — 9 windows, energy=0.4809, state=chaos, dragHwnd=0x0
2026-08-05 16:52:28.775 | ApplyMovements — 0 moves across 26 ticks (avg 0.0/tick)
2026-08-05 16:52:28.987 | Settle — limit cycle detected, zeroed velocities + direct overlap resolution applied (energy was 0.4809)
2026-08-05 16:52:29.518 | Physics tick — 9 windows, energy=0.4434, state=chaos, dragHwnd=0x0
2026-08-05 16:52:29.786 | ApplyMovements — 24 moves across 38 ticks (avg 0.6/tick)
2026-08-05 16:52:30.263 | Physics tick — 9 windows, energy=0.4872, state=chaos, dragHwnd=0x0
2026-08-05 16:52:30.813 | ApplyMovements — 1 moves across 40 ticks (avg 0.0/tick)
2026-08-05 16:52:31.025 | Physics tick — 9 windows, energy=0.4889, state=chaos, dragHwnd=0x0
2026-08-05 16:52:31.621 | WindowList — 9 windows detected on monitor 1
2026-08-05 16:52:31.662 | Health beat — 9 windows, energy=0.4890, drag=no, snap=0, popups=0, comps=0, phys=15ms, vis=15ms
2026-08-05 16:52:31.784 | Physics tick — 9 windows, energy=0.4890, state=chaos, dragHwnd=0x0
2026-08-05 16:52:31.813 | ApplyMovements — 0 moves across 32 ticks (avg 0.0/tick)
2026-08-05 16:52:32.530 | Physics tick — 9 windows, energy=0.4890, state=chaos, dragHwnd=0x0
2026-08-05 16:52:32.812 | ApplyMovements — 0 moves across 38 ticks (avg 0.0/tick)
2026-08-05 16:52:33.280 | Physics tick — 9 windows, energy=0.4890, state=chaos, dragHwnd=0x0
2026-08-05 16:52:33.815 | ApplyMovements — 0 moves across 36 ticks (avg 0.0/tick)
2026-08-05 16:52:34.034 | Physics tick — 9 windows, energy=0.4890, state=chaos, dragHwnd=0x0
2026-08-05 16:52:34.782 | Physics tick — 9 windows, energy=0.4890, state=chaos, dragHwnd=0x0
2026-08-05 16:52:34.814 | ApplyMovements — 0 moves across 29 ticks (avg 0.0/tick)
2026-08-05 16:52:35.531 | Physics tick — 9 windows, energy=0.4890, state=chaos, dragHwnd=0x0
2026-08-05 16:52:35.622 | WindowList — 9 windows detected on monitor 1
2026-08-05 16:52:35.813 | ApplyMovements — 0 moves across 35 ticks (avg 0.0/tick)
2026-08-05 16:52:36.279 | Physics tick — 9 windows, energy=0.4890, state=chaos, dragHwnd=0x0
2026-08-05 16:52:36.672 | Health beat — 9 windows, energy=0.4890, drag=no, snap=0, popups=0, comps=0, phys=15ms, vis=0ms
2026-08-05 16:52:36.811 | ApplyMovements — 0 moves across 37 ticks (avg 0.0/tick)
2026-08-05 16:52:37.062 | Physics tick — 9 windows, energy=0.4462, state=chaos, dragHwnd=0x0
2026-08-05 16:52:37.812 | Physics tick — 8 windows, energy=0.2371, state=chaos, dragHwnd=0x0
2026-08-05 16:52:37.813 | ApplyMovements — 96 moves across 38 ticks (avg 2.5/tick)
2026-08-05 16:52:38.561 | Physics tick — 8 windows, energy=0.1976, state=chaos, dragHwnd=0x0
2026-08-05 16:52:38.818 | ApplyMovements — 49 moves across 39 ticks (avg 1.3/tick)
2026-08-05 16:52:39.311 | Physics tick — 8 windows, energy=0.2199, state=chaos, dragHwnd=0x0
2026-08-05 16:52:39.626 | WindowList — 8 windows detected on monitor 1
2026-08-05 16:52:39.829 | ApplyMovements — 75 moves across 38 ticks (avg 2.0/tick)
2026-08-05 16:52:40.076 | Physics tick — 8 windows, energy=0.3527, state=chaos, dragHwnd=0x0
2026-08-05 16:52:40.819 | ApplyMovements — 75 moves across 32 ticks (avg 2.3/tick)
2026-08-05 16:52:40.828 | Physics tick — 8 windows, energy=0.2376, state=chaos, dragHwnd=0x0
2026-08-05 16:52:41.588 | Physics tick — 8 windows, energy=0.1788, state=chaos, dragHwnd=0x0
2026-08-05 16:52:41.661 | Health beat — 8 windows, energy=0.1771, drag=no, snap=0, popups=0, comps=0, phys=15ms, vis=15ms
2026-08-05 16:52:41.817 | ApplyMovements — 60 moves across 35 ticks (avg 1.7/tick)
2026-08-05 16:52:42.335 | Physics tick — 8 windows, energy=0.1700, state=chaos, dragHwnd=0x0
2026-08-05 16:52:42.816 | ApplyMovements — 27 moves across 29 ticks (avg 0.9/tick)
2026-08-05 16:52:43.080 | Physics tick — 8 windows, energy=0.1684, state=chaos, dragHwnd=0x0
2026-08-05 16:52:43.617 | WindowList — 8 windows detected on monitor 1
2026-08-05 16:52:43.834 | Physics tick — 8 windows, energy=0.1677, state=chaos, dragHwnd=0x0
2026-08-05 16:52:43.835 | ApplyMovements — 9 moves across 29 ticks (avg 0.3/tick)
2026-08-05 16:52:44.572 | Physics tick — 8 windows, energy=0.1673, state=chaos, dragHwnd=0x0
2026-08-05 16:52:44.855 | ApplyMovements — 2 moves across 33 ticks (avg 0.1/tick)
2026-08-05 16:52:45.331 | Physics tick — 8 windows, energy=0.1512, state=chaos, dragHwnd=0x0
2026-08-05 16:52:45.856 | ApplyMovements — 32 moves across 39 ticks (avg 0.8/tick)
2026-08-05 16:52:46.078 | Physics tick — 7 windows, energy=0.1636, state=chaos, dragHwnd=0x0
2026-08-05 16:52:46.672 | Health beat — 7 windows, energy=0.1556, drag=no, snap=0, popups=0, comps=0, phys=15ms, vis=15ms
2026-08-05 16:52:46.835 | Physics tick — 7 windows, energy=0.1536, state=chaos, dragHwnd=0x0
2026-08-05 16:52:46.859 | ApplyMovements — 40 moves across 31 ticks (avg 1.3/tick)
2026-08-05 16:52:47.580 | Physics tick — 7 windows, energy=0.1503, state=chaos, dragHwnd=0x0
2026-08-05 16:52:47.626 | WindowList — 7 windows detected on monitor 1
2026-08-05 16:52:47.858 | ApplyMovements — 5 moves across 29 ticks (avg 0.2/tick)
2026-08-05 16:52:48.330 | Physics tick — 7 windows, energy=0.1498, state=chaos, dragHwnd=0x0
2026-08-05 16:52:48.853 | ApplyMovements — 15 moves across 34 ticks (avg 0.4/tick)
2026-08-05 16:52:49.075 | Physics tick — 4 windows, energy=0.1284, state=chaos, dragHwnd=0x0
2026-08-05 16:52:49.827 | Physics tick — 4 windows, energy=0.0972, state=normal, dragHwnd=0x0
2026-08-05 16:52:49.853 | ApplyMovements — 40 moves across 40 ticks (avg 1.0/tick)
2026-08-05 16:52:50.573 | Physics tick — 4 windows, energy=0.0864, state=normal, dragHwnd=0x0
2026-08-05 16:52:50.850 | ApplyMovements — 40 moves across 40 ticks (avg 1.0/tick)
2026-08-05 16:52:51.325 | Physics tick — 4 windows, energy=0.0878, state=normal, dragHwnd=0x0
2026-08-05 16:52:51.615 | WindowList — 4 windows detected on monitor 1
2026-08-05 16:52:51.659 | HealthMonitor — window count changed: 9 → 4
2026-08-05 16:52:51.659 | Health beat — 4 windows, energy=0.0818, drag=no, snap=0, popups=0, comps=0, phys=15ms, vis=15ms
2026-08-05 16:52:51.851 | ApplyMovements — 58 moves across 35 ticks (avg 1.7/tick)
2026-08-05 16:52:52.099 | Physics tick — 4 windows, energy=0.0741, state=normal, dragHwnd=0x0
2026-08-05 16:52:52.856 | Physics tick — 4 windows, energy=0.0681, state=normal, dragHwnd=0x0
2026-08-05 16:52:52.856 | ApplyMovements — 33 moves across 40 ticks (avg 0.8/tick)
2026-08-05 16:52:53.608 | Physics tick — 4 windows, energy=0.0660, state=normal, dragHwnd=0x0
2026-08-05 16:52:53.853 | ApplyMovements — 17 moves across 40 ticks (avg 0.4/tick)
2026-08-05 16:52:54.355 | Physics tick — 4 windows, energy=0.0653, state=normal, dragHwnd=0x0
2026-08-05 16:52:54.853 | ApplyMovements — 8 moves across 40 ticks (avg 0.2/tick)
2026-08-05 16:52:55.107 | Physics tick — 4 windows, energy=0.0650, state=normal, dragHwnd=0x0
2026-08-05 16:52:55.615 | WindowList — 4 windows detected on monitor 1
2026-08-05 16:52:55.855 | Physics tick — 4 windows, energy=0.0649, state=normal, dragHwnd=0x0
2026-08-05 16:52:55.855 | ApplyMovements — 5 moves across 40 ticks (avg 0.1/tick)
2026-08-05 16:52:56.606 | Physics tick — 4 windows, energy=0.0649, state=normal, dragHwnd=0x0
2026-08-05 16:52:56.666 | Health beat — 4 windows, energy=0.0649, drag=no, snap=0, popups=0, comps=0, phys=15ms, vis=15ms
2026-08-05 16:52:56.854 | ApplyMovements — 0 moves across 40 ticks (avg 0.0/tick)
2026-08-05 16:52:57.356 | Physics tick — 5 windows, energy=0.2840, state=chaos, dragHwnd=0x0
2026-08-05 16:52:57.859 | ApplyMovements — 33 moves across 40 ticks (avg 0.8/tick)
2026-08-05 16:52:58.107 | Physics tick — 5 windows, energy=0.2629, state=chaos, dragHwnd=0x0
2026-08-05 16:52:58.866 | Physics tick — 5 windows, energy=0.2595, state=chaos, dragHwnd=0x0
2026-08-05 16:52:58.867 | ApplyMovements — 34 moves across 34 ticks (avg 1.0/tick)
2026-08-05 16:52:59.601 | Physics tick — 5 windows, energy=0.2700, state=chaos, dragHwnd=0x0
2026-08-05 16:52:59.629 | WindowList — 5 windows detected on monitor 1
2026-08-05 16:52:59.897 | ApplyMovements — 31 moves across 31 ticks (avg 1.0/tick)
2026-08-05 16:53:00.363 | Physics tick — 5 windows, energy=0.2835, state=chaos, dragHwnd=0x0
2026-08-05 16:53:00.894 | ApplyMovements — 21 moves across 32 ticks (avg 0.7/tick)
2026-08-05 16:53:01.106 | Physics tick — 5 windows, energy=0.2919, state=chaos, dragHwnd=0x0
2026-08-05 16:53:01.660 | Health beat — 5 windows, energy=0.2894, drag=no, snap=0, popups=0, comps=0, phys=15ms, vis=15ms
2026-08-05 16:53:01.852 | Physics tick — 5 windows, energy=0.2892, state=chaos, dragHwnd=0x0
2026-08-05 16:53:01.898 | ApplyMovements — 0 moves across 33 ticks (avg 0.0/tick)
2026-08-05 16:53:02.664 | Physics tick — 5 windows, energy=0.2891, state=chaos, dragHwnd=0x0
2026-08-05 16:53:02.898 | ApplyMovements — 0 moves across 32 ticks (avg 0.0/tick)
2026-08-05 16:53:03.403 | Physics tick — 5 windows, energy=0.2891, state=chaos, dragHwnd=0x0
2026-08-05 16:53:03.616 | WindowList — 5 windows detected on monitor 1
2026-08-05 16:53:03.907 | ApplyMovements — 0 moves across 40 ticks (avg 0.0/tick)
2026-08-05 16:53:04.152 | Physics tick — 5 windows, energy=0.2891, state=chaos, dragHwnd=0x0
2026-08-05 16:53:04.890 | Settle — limit cycle detected, zeroed velocities + direct overlap resolution applied (energy was 0.2891)
2026-08-05 16:53:04.903 | Physics tick — 5 windows, energy=0.0148, state=normal, dragHwnd=0x0
2026-08-05 16:53:04.904 | ApplyMovements — 0 moves across 37 ticks (avg 0.0/tick)
2026-08-05 16:53:05.681 | Physics tick — 6 windows, energy=0.4246, state=chaos, dragHwnd=0x0
2026-08-05 16:53:05.909 | ApplyMovements — 60 moves across 33 ticks (avg 1.8/tick)
2026-08-05 16:53:06.438 | Physics tick — 6 windows, energy=0.3231, state=chaos, dragHwnd=0x0
2026-08-05 16:53:06.667 | Health beat — 6 windows, energy=0.3064, drag=no, snap=0, popups=0, comps=0, phys=15ms, vis=15ms
2026-08-05 16:53:06.934 | ApplyMovements — 108 moves across 38 ticks (avg 2.8/tick)
2026-08-05 16:53:07.209 | Physics tick — 6 windows, energy=0.2811, state=chaos, dragHwnd=0x0
2026-08-05 16:53:07.672 | WindowList — 6 windows detected on monitor 1
2026-08-05 16:53:07.939 | ApplyMovements — 78 moves across 40 ticks (avg 1.9/tick)
2026-08-05 16:53:07.948 | Physics tick — 6 windows, energy=0.2710, state=chaos, dragHwnd=0x0
2026-08-05 16:53:08.713 | Physics tick — 6 windows, energy=0.2622, state=chaos, dragHwnd=0x0
2026-08-05 16:53:08.943 | ApplyMovements — 20 moves across 32 ticks (avg 0.6/tick)
2026-08-05 16:53:09.462 | Physics tick — 6 windows, energy=0.2614, state=chaos, dragHwnd=0x0
2026-08-05 16:53:09.948 | ApplyMovements — 10 moves across 33 ticks (avg 0.3/tick)
2026-08-05 16:53:10.204 | Physics tick — 6 windows, energy=0.2614, state=chaos, dragHwnd=0x0
2026-08-05 16:53:10.942 | ApplyMovements — 2 moves across 28 ticks (avg 0.1/tick)
2026-08-05 16:53:10.957 | Physics tick — 6 windows, energy=0.2615, state=chaos, dragHwnd=0x0